[2026-05-17 19:44:01] 開始執行 2026 FIFA 賽程日常自動更新同步任務...
[2026-05-17 19:44:01] 資料庫初始化完成，成功匯入 48 支參賽隊伍與分組資料。
[2026-05-17 19:44:01] 正在從維基百科獲取 2026 FIFA 世界盃最新賽程...
[2026-05-17 19:44:02] 賽程同步完成。新增: 104 場，更新: 0 場。
[2026-05-17 19:44:02] 同步任務結束。
[2026-05-17 19:58:07] 開始執行 2026 FIFA 賽程、預測與 Elo 自動更新同步任務...
[2026-05-17 19:58:07] 重新建立資料表以啟用進階預測與 Elo 系統欄位...
[2026-05-17 19:58:07] 資料庫與 48 支隊伍初始 Elo 積分載入成功。
[2026-05-17 19:58:07] 正在從維基百科獲取 2026 FIFA 世界盃最新賽程與比分...
[2026-05-17 19:58:09] 成功爬取並寫入 104 場基礎賽事數據到資料庫。
[2026-05-17 19:58:09] 正在重算資料庫中所有 104 場比賽的動態 Elo 與卜瓦松勝率預測...
[2026-05-17 19:58:09] 資料庫中所有賽事的動態 Elo 與卜瓦松預測重新計算完成！
[2026-05-17 19:58:09] 同步任務結束。
[2026-05-17 20:04:44] [賠率爬蟲] 開始運行 2026 FIFA 世界盃即時賠率爬蟲腳本...
[2026-05-17 20:04:44] [賠率爬蟲] 未檢測到 THE_ODDS_API_KEY 環境變數。將自動啟用極致精準的「實時賠率模擬器」...
[2026-05-17 20:04:44] [賠率爬蟲] 啟用進階即時賠率模擬引擎 (Bet365 / DraftKings / William Hill)...
[2026-05-17 20:04:44] [賠率爬蟲] 成功模擬更新 73 場未開賽事的即時市場賠率及博弈決策值！
[2026-05-17 20:04:44] [賠率爬蟲] 賠率爬蟲工作結束。
[2026-05-17 20:05:05] 開始執行 2026 FIFA 賽程、預測與 Elo 自動更新同步任務...
[2026-05-17 20:05:05] 重新建立資料表以啟用進階預測與 Elo 系統欄位...
[2026-05-17 20:05:05] 資料庫與 48 支隊伍初始 Elo 積分載入成功。
[2026-05-17 20:05:05] 正在從維基百科獲取 2026 FIFA 世界盃最新賽程與比分...
[2026-05-17 20:05:07] 成功爬取並寫入 104 場基礎賽事數據到資料庫。
[2026-05-17 20:05:07] 正在重算資料庫中所有 104 場比賽的動態 Elo 與卜瓦松勝率預測...
[2026-05-17 20:05:07] 資料庫中所有賽事的動態 Elo 與卜瓦松預測重新計算完成！
[2026-05-17 20:05:07] 正在觸發即時賠率爬蟲，同步各大博弈平台即時賠率...
[2026-05-17 20:05:07] [賠率爬蟲] 開始運行 2026 FIFA 世界盃即時賠率爬蟲腳本...
[2026-05-17 20:05:07] [賠率爬蟲] 未檢測到 THE_ODDS_API_KEY 環境變數。將自動啟用極致精準的「實時賠率模擬器」...
[2026-05-17 20:05:07] [賠率爬蟲] 啟用進階即時賠率模擬引擎 (Bet365 / DraftKings / William Hill)...
[2026-05-17 20:05:07] [賠率爬蟲] 成功模擬更新 73 場未開賽事的即時市場賠率及博弈決策值！
[2026-05-17 20:05:07] [賠率爬蟲] 賠率爬蟲工作結束。
[2026-05-17 20:05:07] 即時賠率與博弈分析值更新成功！
[2026-05-17 20:05:07] 同步任務結束。
[2026-05-17 20:14:29] 開始執行 2026 FIFA 賽程、預測與 Elo 自動更新同步任務...
[2026-05-17 20:14:29] 重新建立資料表以啟用進階預測與 Elo 系統欄位...
[2026-05-17 20:14:29] 資料庫與 48 支隊伍初始 Elo 積分及 FIFA 世界排名載入成功。
[2026-05-17 20:14:29] 正在從維基百科獲取 2026 FIFA 世界盃最新賽程與比分...
[2026-05-17 20:14:31] 成功爬取並寫入 104 場基礎賽事數據到資料庫。
[2026-05-17 20:14:31] 正在重算資料庫中所有 104 場比賽的動態 Elo 與卜瓦松勝率預測...
[2026-05-17 20:14:31] 資料庫中所有賽事的動態 Elo 與卜瓦松預測重新計算完成！
[2026-05-17 20:14:31] 正在觸發即時賠率爬蟲，同步各大博弈平台即時賠率...
[2026-05-17 20:14:31] [賠率爬蟲] 開始運行 2026 FIFA 世界盃即時賠率爬蟲腳本...
[2026-05-17 20:14:31] [賠率爬蟲] 未檢測到 THE_ODDS_API_KEY 環境變數。將自動啟用極致精準的「實時賠率模擬器」...
[2026-05-17 20:14:31] [賠率爬蟲] 啟用進階即時賠率模擬引擎 (Bet365 / DraftKings / William Hill)...
[2026-05-17 20:14:31] [賠率爬蟲] 成功模擬更新 73 場未開賽事的即時市場賠率及博弈決策值！
[2026-05-17 20:14:31] [賠率爬蟲] 賠率爬蟲工作結束。
[2026-05-17 20:14:31] 即時賠率與博弈分析值更新成功！
[2026-05-17 20:14:31] 同步任務結束。
[2026-05-17 20:42:45] [賠率爬蟲] 開始運行 2026 FIFA 世界盃即時賠率爬蟲腳本...
[2026-05-17 20:42:45] [賠率爬蟲] 成功移轉資料庫：已新增三大平台 (27 個) 賠率與決策獨立追蹤欄位。
[2026-05-17 20:42:45] [賠率爬蟲] 未檢測到 THE_ODDS_API_KEY 環境變數。將自動啟用極致精準的「三大平台實時賠率模擬器」...
[2026-05-17 20:42:45] [賠率爬蟲] 啟用進階即時賠率模擬引擎 (同時追蹤 Bet365 / DraftKings / William Hill)...
[2026-05-17 20:42:45] [賠率爬蟲] 成功模擬更新 73 場賽事的三大平台獨立賠率與跨平台最優套利賠率！
[2026-05-17 20:42:45] [賠率爬蟲] 賠率爬蟲工作結束。
[2026-05-23 08:38:48] 開始執行 2026 FIFA 賽程、預測與 Elo 自動更新同步任務...
[2026-05-23 08:38:48] 重新建立資料表以啟用進階預測與 Elo 系統欄位...
[2026-05-23 08:38:48] 資料庫與 48 支隊伍初始評級及排名載入成功。
[2026-05-23 08:38:48] 正在從維基百科獲取 2026 FIFA 世界盃最新賽程與比分...
[2026-05-23 08:38:49] 成功爬取並寫入 104 場基礎賽事數據到資料庫。
[2026-05-23 08:38:49] 正在重算資料庫中所有 104 場比賽的動態 Elo、Pi-Rating、Berrar 與卜瓦松/Dixon-Coles 集成勝率預測...
[2026-05-23 08:38:49] 資料庫中所有賽事的動態評級與集成預測重新計算完成！
[2026-05-23 08:38:49] 正在觸發即時賠率爬蟲，同步各大博弈平台即時賠率...
[2026-05-23 08:38:50] [賠率爬蟲] 開始運行 2026 FIFA 世界盃即時賠率爬蟲腳本...
[2026-05-23 08:38:50] [賠率爬蟲] 成功移轉資料庫：已新增三大平台 (27 個) 賠率與決策獨立追蹤欄位。
[2026-05-23 08:38:50] [賠率爬蟲] 未檢測到 THE_ODDS_API_KEY 環境變數。將自動啟用極致精準的「三大平台實時賠率模擬器」...
[2026-05-23 08:38:50] [賠率爬蟲] 啟用進階即時賠率模擬引擎 (同時追蹤 Bet365 / DraftKings / William Hill)...
[2026-05-23 08:38:50] [賠率爬蟲] 成功模擬更新 73 場賽事的三大平台獨立賠率與跨平台最優套利賠率！
[2026-05-23 08:38:50] [賠率爬蟲] 賠率爬蟲工作結束。
[2026-05-23 08:38:50] 即時賠率與博弈分析值更新成功！
[2026-05-23 08:38:50] 同步任務結束。
[2026-05-25 11:05:32] 開始執行 2026 FIFA 賽程、預測與 Elo 自動更新同步任務...
[2026-05-25 11:05:32] 重新建立資料表以啟用進階預測與 Elo 系統欄位...
[2026-05-25 11:05:32] 資料庫與 48 支隊伍初始評級及排名載入成功。
[2026-05-25 11:05:32] 正在從維基百科獲取 2026 FIFA 世界盃最新賽程與比分...
[2026-05-25 11:05:33] 成功爬取並寫入 104 場基礎賽事數據到資料庫。
[2026-05-25 11:05:33] 正在同步第二階段多源情報 (FBref/SofaScore/Reddit/Opta)...
[2026-05-25 11:05:38] 正在重算資料庫中所有 104 場比賽的動態 Elo、Pi-Rating、Berrar 與卜瓦松/Dixon-Coles 集成勝率預測...
[2026-05-25 11:05:38] 資料庫中所有賽事的動態評級與集成預測重新計算完成！
[2026-05-25 11:05:38] 正在觸發即時賠率爬蟲，同步各大博弈平台即時賠率...
[2026-05-25 11:05:38] [賠率爬蟲] 開始運行 2026 FIFA 世界盃即時賠率爬蟲腳本...
[2026-05-25 11:05:38] [賠率爬蟲] 成功移轉資料庫：已新增三大平台 (27 個) 賠率與決策獨立追蹤欄位。
[2026-05-25 11:05:38] [賠率爬蟲] 未檢測到 THE_ODDS_API_KEY 環境變數。將自動啟用極致精準的「三大平台實時賠率模擬器」...
[2026-05-25 11:05:38] [賠率爬蟲] 啟用進階即時賠率模擬引擎 (同時追蹤 Bet365 / DraftKings / William Hill)...
[2026-05-25 11:05:38] [賠率爬蟲] 成功模擬更新 73 場賽事的三大平台獨立賠率與跨平台最優套利賠率！
[2026-05-25 11:05:38] [賠率爬蟲] 賠率爬蟲工作結束。
[2026-05-25 11:05:38] 即時賠率與博弈分析值更新成功！
[2026-05-25 11:05:38] 同步任務結束。
[2026-05-27 10:51:20] 開始執行 2026 FIFA 賽程、預測與 Elo 自動更新同步任務...
[2026-05-27 10:51:20] 重新建立資料表以啟用進階預測與 Elo 系統欄位...
[2026-05-27 10:51:20] 資料庫與 48 支隊伍初始評級及排名載入成功。
[2026-05-27 10:51:20] 正在從維基百科獲取 2026 FIFA 世界盃最新賽程與比分...
[2026-05-27 10:51:21] 成功爬取並寫入 104 場基礎賽事數據到資料庫。
[2026-05-27 10:51:21] 正在同步第二階段多源情報 (FBref/SofaScore/Reddit/Opta)...
[2026-05-27 10:51:24] 正在重算資料庫中所有 104 場比賽的動態 Elo、Pi-Rating、Berrar 與卜瓦松/Dixon-Coles 集成勝率預測...
[2026-05-27 10:51:24] 資料庫中所有賽事的動態評級與集成預測重新計算完成！
[2026-05-27 10:51:24] 正在觸發即時賠率爬蟲，同步各大博弈平台即時賠率...
[2026-05-27 10:51:24] [賠率爬蟲] 開始運行 2026 FIFA 世界盃即時賠率爬蟲腳本...
[2026-05-27 10:51:25] [賠率爬蟲] 成功移轉資料庫：已新增三大平台 (27 個) 賠率與決策獨立追蹤欄位。
[2026-05-27 10:51:25] [賠率爬蟲] 未檢測到 THE_ODDS_API_KEY 環境變數。將自動啟用極致精準的「三大平台實時賠率模擬器」...
[2026-05-27 10:51:25] [賠率爬蟲] 啟用進階即時賠率模擬引擎 (同時追蹤 Bet365 / DraftKings / William Hill)...
[2026-05-27 10:51:25] [賠率爬蟲] 成功模擬更新 73 場賽事的三大平台獨立賠率與跨平台最優套利賠率！
[2026-05-27 10:51:25] [賠率爬蟲] 賠率爬蟲工作結束。
[2026-05-27 10:51:25] 即時賠率與博弈分析值更新成功！
[2026-05-27 10:51:25] 同步任務結束。
[2026-05-28 10:46:29] 開始執行 2026 FIFA 賽程、預測與 Elo 自動更新同步任務...
[2026-05-28 10:46:29] 重新建立資料表以啟用進階預測與 Elo 系統欄位...
[2026-05-28 10:46:29] 資料庫與 48 支隊伍初始評級及排名載入成功。
[2026-05-28 10:46:29] 正在從維基百科獲取 2026 FIFA 世界盃最新賽程與比分...
[2026-05-28 10:46:30] 成功爬取並寫入 104 場基礎賽事數據到資料庫。
[2026-05-28 10:46:30] 正在同步第二階段多源情報 (FBref/SofaScore/Reddit/Opta)...
[2026-05-28 10:46:34] 正在重算資料庫中所有 104 場比賽的動態 Elo、Pi-Rating、Berrar 與卜瓦松/Dixon-Coles 集成勝率預測...
[2026-05-28 10:46:34] 資料庫中所有賽事的動態評級與集成預測重新計算完成！
[2026-05-28 10:46:34] 正在觸發即時賠率爬蟲，同步各大博弈平台即時賠率...
[2026-05-28 10:46:34] [賠率爬蟲] 開始運行 2026 FIFA 世界盃即時賠率爬蟲腳本...
[2026-05-28 10:46:34] [賠率爬蟲] 成功移轉資料庫：已新增三大平台 (27 個) 賠率與決策獨立追蹤欄位。
[2026-05-28 10:46:34] [賠率爬蟲] 未檢測到 THE_ODDS_API_KEY 環境變數。將自動啟用極致精準的「三大平台實時賠率模擬器」...
[2026-05-28 10:46:34] [賠率爬蟲] 啟用進階即時賠率模擬引擎 (同時追蹤 Bet365 / DraftKings / William Hill)...
[2026-05-28 10:46:34] [賠率爬蟲] 成功模擬更新 73 場賽事的三大平台獨立賠率與跨平台最優套利賠率！
[2026-05-28 10:46:34] [賠率爬蟲] 賠率爬蟲工作結束。
[2026-05-28 10:46:34] 即時賠率與博弈分析值更新成功！
[2026-05-28 10:46:34] 同步任務結束。
